// Jest Snapshot v1, https://goo.gl/fbAQLP

exports[`renders <Search /> properly 1`] = `
<div
  className="search-container"
>
  <label
    htmlFor="city"
  >
    <span
      className="label-text"
    >
      City
    </span>
    <input
      className="search-input"
      id="city"
      onChange={[Function]}
      type="text"
    />
  </label>
  <label
    htmlFor="refine-text"
  >
    <span
      className="label-text"
    >
      Refine
    </span>
    <input
      className="search-input"
      id="refine-text"
      onChange={[Function]}
      type="text"
    />
  </label>
</div>
`;
