// Jest Snapshot v1, https://goo.gl/fbAQLP

exports[`renders <App /> properly 1`] = `
<Provider
  store={
    Object {
      "dispatch": [Function],
      "getState": [Function],
      "replaceReducer": [Function],
      "subscribe": [Function],
      Symbol(observable): [Function],
    }
  }
>
  <Container>
    <Heading />
    <Connect(Search) />
    <section
      className="results"
    >
      <Connect(RestaurantTable) />
      <Connect(Status) />
    </section>
  </Container>
</Provider>
`;
